// Jest Snapshot v1, https://goo.gl/fbAQLP

exports[`<ProductCard /> it should render the load version of the card 1`] = `
<DocumentFragment>
  <div
    class="css-1oarku0-Card e1ss9q3t3"
  >
    <span>
      <span
        class="react-loading-skeleton css-1eg0sfo-skeletonStyles-Skeleton"
        style="width: 100px; height: 100px;"
      >
        ‌
      </span>
    </span>
    <div
      class="css-1lezaxk-Details e1ss9q3t2"
    >
      <span>
        <span
          class="react-loading-skeleton css-1eg0sfo-skeletonStyles-Skeleton"
        >
          ‌
        </span>
      </span>
      <span>
        <span
          class="react-loading-skeleton css-1eg0sfo-skeletonStyles-Skeleton"
        >
          ‌
        </span>
      </span>
    </div>
  </div>
</DocumentFragment>
`;
