// Jest Snapshot v1, https://goo.gl/fbAQLP

exports[`Button it should match snapshot 1`] = `
<DocumentFragment>
  <button
    class="css-hhtkyx-Button enhitpr0"
    name="button"
    type="button"
  />
</DocumentFragment>
`;
